.\.venv-1\Scripts\pytest : D:\hiperhealth-web\.venv-1\Lib\site-packages\_pytest\config\__init__.py:2185: 
PytestConfigWarning: Failed to import filter module 'typeguard': error::typeguard.TypeHintWarning
At line:1 char:41
+ ... h\backend"; .\.venv-1\Scripts\pytest tests\test_timestamp_persistence ...
+                 ~~~~~~~~~~~~~~~~~~~~~~~~~~~~~~~~~~~~~~~~~~~~~~~~~~~~~~~~~
    + CategoryInfo          : NotSpecified: (D:\hiperhealth-...TypeHintWarning:String) [], RemoteException
    + FullyQualifiedErrorId : NativeCommandError
 
  warnings.warn(
============================= test session starts =============================
platform win32 -- Python 3.14.2, pytest-9.0.2, pluggy-1.6.0 -- D:\hiperhealth-web\.venv-1\Scripts\python.exe
cachedir: .pytest_cache
rootdir: D:\hiperhealth-web
configfile: pyproject.toml
plugins: anyio-4.12.1, langsmith-0.7.22, cov-7.0.0, xonsh-0.22.8
collecting ... collected 1 item

tests/test_timestamp_persistence.py::test_create_patient_persists_timestamp FAILED [100%]

================================== FAILURES ===================================
___________________ test_create_patient_persists_timestamp ____________________

test_repo = <app.models.repositories.ResearchRepository object at 0x00000147481F9160>

    def test_create_patient_persists_timestamp(test_repo):
        # Create a new patient record via repository and ensure timestamp is stored
        patient_uuid = str(uuid4())
        created_at = datetime.now(timezone.utc).isoformat()
        patient_data = {
            'meta': {'uuid': patient_uuid, 'lang': 'en', 'timestamp': created_at},
            'patient': {},
        }
    
        test_repo.create_patient_and_consultation(patient_data)
    
        patient = test_repo.get_patient_by_uuid(patient_uuid)
        assert patient is not None
        assert patient.consultations
        consultation = patient.consultations[-1]
        assert consultation.timestamp is not None
    
        # Compare parsed timestamps to second precision
        ca = created_at.replace('Z', '+00:00')
        dt_ca = datetime.fromisoformat(ca)
        # The DB now returns timezone-aware datetimes
        stored_ts = consultation.timestamp
>       assert stored_ts.tzinfo is not None
E       assert None is not None
E        +  where None = datetime.datetime(2026, 3, 26, 21, 35, 57, 334686).tzinfo

tests\test_timestamp_persistence.py:30: AssertionError
============================== warnings summary ===============================
.venv-1\Lib\site-packages\_pytest\config\__init__.py:2185
.venv-1\Lib\site-packages\_pytest\config\__init__.py:2185
tests/test_timestamp_persistence.py::test_create_patient_persists_timestamp
.venv-1\Lib\site-packages\_pytest\config\__init__.py:2185
  D:\hiperhealth-web\.venv-1\Lib\site-packages\_pytest\config\__init__.py:2185: PytestConfigWarning: Failed to import filter module 'typeguard': error::typeguard.TypeHintWarning
    warnings.warn(

src\research\backend\schema\ui.py:24
  D:\hiperhealth-web\src\research\backend\schema\ui.py:24: PydanticDeprecatedSince20: Support for class-based `config` is deprecated, use ConfigDict instead. Deprecated in Pydantic V2.0 to be removed in V3.0. See Pydantic V2 Migration Guide at https://errors.pydantic.dev/2.12/migration/
    class Patient(PatientBase):

src\research\backend\schema\ui.py:62
  D:\hiperhealth-web\src\research\backend\schema\ui.py:62: PydanticDeprecatedSince20: Support for class-based `config` is deprecated, use ConfigDict instead. Deprecated in Pydantic V2.0 to be removed in V3.0. See Pydantic V2 Migration Guide at https://errors.pydantic.dev/2.12/migration/
    class Consultation(ConsultationBase):

src\research\backend\schema\ui.py:89
  D:\hiperhealth-web\src\research\backend\schema\ui.py:89: PydanticDeprecatedSince20: Support for class-based `config` is deprecated, use ConfigDict instead. Deprecated in Pydantic V2.0 to be removed in V3.0. See Pydantic V2 Migration Guide at https://errors.pydantic.dev/2.12/migration/
    class Diagnosis(DiagnosisBase):

src\research\backend\schema\ui.py:112
  D:\hiperhealth-web\src\research\backend\schema\ui.py:112: PydanticDeprecatedSince20: Support for class-based `config` is deprecated, use ConfigDict instead. Deprecated in Pydantic V2.0 to be removed in V3.0. See Pydantic V2 Migration Guide at https://errors.pydantic.dev/2.12/migration/
    class Exam(ExamBase):

src\research\backend\schema\ui.py:140
  D:\hiperhealth-web\src\research\backend\schema\ui.py:140: PydanticDeprecatedSince20: Support for class-based `config` is deprecated, use ConfigDict instead. Deprecated in Pydantic V2.0 to be removed in V3.0. See Pydantic V2 Migration Guide at https://errors.pydantic.dev/2.12/migration/
    class ConsultationDiagnosis(ConsultationDiagnosisBase):

src\research\backend\schema\ui.py:170
  D:\hiperhealth-web\src\research\backend\schema\ui.py:170: PydanticDeprecatedSince20: Support for class-based `config` is deprecated, use ConfigDict instead. Deprecated in Pydantic V2.0 to be removed in V3.0. See Pydantic V2 Migration Guide at https://errors.pydantic.dev/2.12/migration/
    class ConsultationExam(ConsultationExamBase):

src\research\backend\app\schemas.py:305
  D:\hiperhealth-web\src\research\backend\app\schemas.py:305: PydanticDeprecatedSince20: Using extra keyword arguments on `Field` is deprecated and will be removed. Use `json_schema_extra` instead. (Extra keys: 'populate_by_name'). Deprecated in Pydantic V2.0 to be removed in V3.0. See Pydantic V2 Migration Guide at https://errors.pydantic.dev/2.12/migration/
    formData: Dict[str, Any] = Field(

.venv-1\Lib\site-packages\confection\__init__.py:38
  D:\hiperhealth-web\.venv-1\Lib\site-packages\confection\__init__.py:38: UserWarning: Core Pydantic V1 functionality isn't compatible with Python 3.14 or greater.
    from pydantic.v1 import BaseModel, Extra, ValidationError, create_model

-- Docs: https://docs.pytest.org/en/stable/how-to/capture-warnings.html
=========================== short test summary info ===========================
FAILED tests/test_timestamp_persistence.py::test_create_patient_persists_timestamp
========================== warnings summary (final) ===========================
.venv-1\Lib\site-packages\_pytest\config\__init__.py:2185
  D:\hiperhealth-web\.venv-1\Lib\site-packages\_pytest\config\__init__.py:2185: PytestConfigWarning: Failed to import filter module 'typeguard': error::typeguard.TypeHintWarning
    warnings.warn(

-- Docs: https://docs.pytest.org/en/stable/how-to/capture-warnings.html
======================= 1 failed, 13 warnings in 0.42s ========================
